INFO:root:30
DEBUG:root:10
WARNING:root:200
CRITICAL:root:2.0
DEBUG:root:checking for name is alphabet
